
╔════════════════════════════════════════════════════════════════════════════╗
║                          深度測試報告                                        ║
║                    生成時間: 2025/10/24 下午1:54:41                    ║
╚════════════════════════════════════════════════════════════════════════════╝

┌────────────────────────────────────────────────────────────────────────────┐
│ 📊 問題統計摘要                                                              │
└────────────────────────────────────────────────────────────────────────────┘

專業版本 (Professional):
  ┣━ 總計: 7 個問題
  ┣━ 🔴 Critical: 6
  ┣━ 🟠 High: 1
  ┣━ 🟡 Medium: 0
  ┗━ 🟢 Low: 0

簡化版本 (Simple):
  ┣━ 總計: 8 個問題
  ┣━ 🔴 Critical: 3
  ┣━ 🟠 High: 4
  ┣━ 🟡 Medium: 1
  ┗━ 🟢 Low: 0

┌────────────────────────────────────────────────────────────────────────────┐
│ 🎯 優先修復清單（按嚴重程度排序）                                             │
└────────────────────────────────────────────────────────────────────────────┘

🔴 優先級 1 | PROFESSIONAL | [Critical] Network Failure
───────────────────────────────────────────────────────────────────────────
問題: 請求完全失敗: https://cdn.jsdelivr.net/npm/three@r128/examples/js/controls/OrbitControls.js

重現步驟:
  嘗試加載 https://cdn.jsdelivr.net/npm/three@r128/examples/js/controls/OrbitControls.js

解決方案:
  檢查 CDN 可用性、CORS 配置、網絡連接


🔴 優先級 2 | PROFESSIONAL | [Critical] Network Failure
───────────────────────────────────────────────────────────────────────────
問題: 請求完全失敗: https://cdn.jsdelivr.net/npm/three@r128/examples/js/controls/PointerLockControls.js

重現步驟:
  嘗試加載 https://cdn.jsdelivr.net/npm/three@r128/examples/js/controls/PointerLockControls.js

解決方案:
  檢查 CDN 可用性、CORS 配置、網絡連接


🔴 優先級 3 | PROFESSIONAL | [Critical] JavaScript Exception
───────────────────────────────────────────────────────────────────────────
問題: 頁面異常: THREE.OrbitControls is not a constructor

重現步驟:
  重現錯誤場景

解決方案:
  修復異常: TypeError: THREE.OrbitControls is not a constructor
    at initThreeJS (http://localhost:8080/professional:603:29)
    at http://localhost:8080/professional:994:13


🔴 優先級 4 | PROFESSIONAL | [Critical] Rendering
───────────────────────────────────────────────────────────────────────────
問題: WebGL 上下文創建失敗

重現步驟:
  嘗試獲取 WebGL context

解決方案:
  檢查瀏覽器 WebGL 支持、硬件加速設置


🔴 優先級 5 | PROFESSIONAL | [Critical] Dependencies
───────────────────────────────────────────────────────────────────────────
問題: PointerLockControls 模塊加載失敗

重現步驟:
  檢查 Network 面板中的 PointerLockControls 請求

解決方案:
  檢查 import 語句、CDN URL、確保 Three.js 版本匹配


🔴 優先級 6 | PROFESSIONAL | [Critical] Test Execution
───────────────────────────────────────────────────────────────────────────
問題: 測試執行失敗: page.metrics is not a function

重現步驟:
  運行測試套件

解決方案:
  修復錯誤: TypeError: page.metrics is not a function
    at testResourceUsage (C:\Users\thc1006\Desktop\dev\easterlin-hsinchu\playwright-deep-analysis.js:391:30)
    at runTests (C:\Users\thc1006\Desktop\dev\easterlin-hsinchu\playwright-deep-analysis.js:722:11)
    at runNextTicks (node:internal/process/task_queues:60:5)
    at process.processImmediate (node:internal/timers:454:9)
    at process.callbackTrampoline (node:internal/async_hooks:130:17)
    at async C:\Users\thc1006\Desktop\dev\easterlin-hsinchu\playwright-deep-analysis.js:921:5


🔴 優先級 7 | SIMPLE | [Critical] Page Load
───────────────────────────────────────────────────────────────────────────
問題: 頁面返回錯誤狀態碼: 404

重現步驟:
  訪問 http://localhost:8080/simple

解決方案:
  檢查服務器路由配置


🔴 優先級 8 | SIMPLE | [Critical] Rendering
───────────────────────────────────────────────────────────────────────────
問題: Canvas 元素未找到或未創建

重現步驟:
  檢查頁面 DOM 中的 canvas 元素

解決方案:
  確保 Canvas 元素正確創建並添加到 DOM


🔴 優先級 9 | SIMPLE | [Critical] Test Execution
───────────────────────────────────────────────────────────────────────────
問題: 測試執行失敗: page.metrics is not a function

重現步驟:
  運行測試套件

解決方案:
  修復錯誤: TypeError: page.metrics is not a function
    at testResourceUsage (C:\Users\thc1006\Desktop\dev\easterlin-hsinchu\playwright-deep-analysis.js:391:30)
    at runTests (C:\Users\thc1006\Desktop\dev\easterlin-hsinchu\playwright-deep-analysis.js:722:11)
    at runNextTicks (node:internal/process/task_queues:60:5)
    at process.processImmediate (node:internal/timers:454:9)
    at process.callbackTrampoline (node:internal/async_hooks:130:17)
    at async C:\Users\thc1006\Desktop\dev\easterlin-hsinchu\playwright-deep-analysis.js:924:5


🟠 優先級 10 | PROFESSIONAL | [High] Rendering
───────────────────────────────────────────────────────────────────────────
問題: 渲染錯誤: WebGL context 無法創建

重現步驟:
  執行渲染測試

解決方案:
  修復渲染相關代碼


🟠 優先級 11 | SIMPLE | [High] Network Error
───────────────────────────────────────────────────────────────────────────
問題: 網絡請求失敗: http://localhost:8080/simple (HTTP 404)

重現步驟:
  訪問 http://localhost:8080/simple

解決方案:
  檢查資源路徑是否正確


🟠 優先級 12 | SIMPLE | [High] JavaScript Error
───────────────────────────────────────────────────────────────────────────
問題: 控制台錯誤: Failed to load resource: the server responded with a status of 404 (Not Found)

重現步驟:
  打開開發者工具查看控制台

解決方案:
  檢查並修復 JavaScript 代碼錯誤


🟠 優先級 13 | SIMPLE | [High] Rendering
───────────────────────────────────────────────────────────────────────────
問題: 2D Canvas 上下文創建失敗

重現步驟:
  嘗試獲取 2D context

解決方案:
  檢查 Canvas API 使用是否正確


🟠 優先級 14 | SIMPLE | [High] Rendering
───────────────────────────────────────────────────────────────────────────
問題: 渲染錯誤: 未找到 Canvas 元素

重現步驟:
  執行渲染測試

解決方案:
  修復渲染相關代碼


🟡 優先級 15 | SIMPLE | [Medium] UI
───────────────────────────────────────────────────────────────────────────
問題: 未找到任何按鈕元素

重現步驟:
  檢查頁面中的按鈕

解決方案:
  確認按鈕是否正確渲染


┌────────────────────────────────────────────────────────────────────────────┐
│ 📈 性能指標對比                                                              │
└────────────────────────────────────────────────────────────────────────────┘

專業版本:
  ┣━ 頁面加載: 940ms
  ┣━ DOM 就緒: 889.8999999985099ms
  ┣━ 首次繪製: 268ms
  ┗━ 首次內容繪製: 268ms

簡化版本:
  ┣━ 頁面加載: 14.699999999254942ms
  ┣━ DOM 就緒: 14.199999999254942ms
  ┣━ 首次繪製: 84ms
  ┗━ 首次內容繪製: 84ms

┌────────────────────────────────────────────────────────────────────────────┐
│ 💡 建議                                                                     │
└────────────────────────────────────────────────────────────────────────────┘

1. 優先修復所有 Critical 級別問題
2. 依次處理 High 級別問題
3. 根據影響範圍處理 Medium 和 Low 級別問題
4. 修復後重新運行測試驗證
5. 考慮添加自動化測試防止回歸

詳細數據請查看: test-report.json
